[run.sh] gateway ready at 20:39:08

══════════════════════════════════════════════════════════════════════════════
session s8-42c2d3c8  ─  query: Produce a validated service incident record for checkout-service: symptom is "returning HTTP 503s"; it depends on PostgreSQL and Redis. The record MUST contain exactly the keys service, symptom, dependencies, candidate_causes, and the two lists MUST be non-empty lists of strings — validate the record before answering.
══════════════════════════════════════════════════════════════════════════════
[memory.read] 3 hit(s) visible to every skill this run
[memory] embedding failed (HTTPStatusError("Server error '503 Service Unavailable' for url 'http://localhost:8108/v1/embed'\nFor more information check: https://developer.mozilla.org/en-US/docs/Web/HTTP/Status/503")); item written without vector
[n:1] planner            complete (4.4s)
[n:2] distiller          complete (7.9s)
[06/03/26 20:39:25] INFO     Processing request of type            server.py:727
                             CallToolRequest                                    
                    INFO     Processing request of type            server.py:727
                             ListToolsRequest                                   
[n:3] critic             complete (3.2s)
[n:4] formatter          complete (1.3s)

══════════════════════════════════════════════════════════════════════════════
FINAL: Service Incident Record: 

{ 
  "service": "checkout-service", 
  "symptom": "returning HTTP 503s", 
  "dependencies": ["PostgreSQL", "Redis"], 
  "candidate_causes": ["PostgreSQL connection pool exhaustion", "Redis cache latency spike", "Upstream service overload"] 
}
══════════════════════════════════════════════════════════════════════════════

