[run.sh] gateway ready at 20:30:43

══════════════════════════════════════════════════════════════════════════════
session s8-a8a715f3  ─  query: Find the populations of London, Paris, Berlin and tell me which two are closest in size.
══════════════════════════════════════════════════════════════════════════════
[memory] embedding failed (HTTPStatusError("Server error '503 Service Unavailable' for url 'http://localhost:8108/v1/embed'\nFor more information check: https://developer.mozilla.org/en-US/docs/Web/HTTP/Status/503")); item written without vector
[n:1] planner            complete (4.3s)
[06/03/26 20:30:53] INFO     Processing request of type            server.py:727
                             CallToolRequest                                    
                    INFO     response:                                lib.rs:444
                             https://en.wikipedia.org/w/api.php?actio           
                             n=opensearch&profile=fuzzy&limit=1&searc           
                             h=current%20population%20of%20London%202           
                             024%202025 200                                     
[06/03/26 20:30:54] INFO     response:                                lib.rs:444
                             https://grokipedia.com/api/typeahead?que           
                             ry=current+population+of+London+2024+202           
                             5&limit=1 200                                      
[06/03/26 20:30:55] INFO     HTTP Request: POST                  _client.py:1025
                             https://html.duckduckgo.com/html/                  
                             "HTTP/2 200 OK"                                    
                    INFO     Processing request of type            server.py:727
                             ListToolsRequest                                   
[06/03/26 20:30:57] INFO     Processing request of type            server.py:727
                             CallToolRequest                                    
[INIT].... → Crawl4AI 0.8.7 
[FETCH]... ↓ https://www.macrotrends.net/global-metrics/cities/22860/london/population                            | ✓ | ⏱: 0.77s 
[SCRAPE].. ◆ https://www.macrotrends.net/global-metrics/cities/22860/london/population                            | ✓ | ⏱: 0.01s 
[COMPLETE] ● https://www.macrotrends.net/global-metrics/cities/22860/london/population                            | ✓ | ⏱: 0.79s 
[06/03/26 20:31:01] INFO     Processing request of type            server.py:727
                             CallToolRequest                                    
[06/03/26 20:31:02] INFO     response:                                lib.rs:444
                             https://grokipedia.com/api/typeahead?que           
                             ry=current+population+of+Berlin+2024+202           
                             5&limit=1 200                                      
                    INFO     response:                                lib.rs:444
                             https://en.wikipedia.org/w/api.php?actio           
                             n=opensearch&profile=fuzzy&limit=1&searc           
                             h=current%20population%20of%20Berlin%202           
                             024%202025 200                                     
[06/03/26 20:31:03] INFO     response: https://www.startpage.com/ 200 lib.rs:444
                    INFO     response:                                lib.rs:444
                             https://www.startpage.com/sp/search 200            
[06/03/26 20:31:04] INFO     Processing request of type            server.py:727
                             ListToolsRequest                                   
[06/03/26 20:31:08] INFO     Processing request of type            server.py:727
                             CallToolRequest                                    
                    INFO     response:                                lib.rs:444
                             https://en.wikipedia.org/w/api.php?actio           
                             n=opensearch&profile=fuzzy&limit=1&searc           
                             h=current%20population%20of%20Paris%20Fr           
                             ance%202024%202025 200                             
[06/03/26 20:31:09] INFO     response:                                lib.rs:444
                             https://grokipedia.com/api/typeahead?que           
                             ry=current+population+of+Paris+France+20           
                             24+2025&limit=1 200                                
                    INFO     response:                                lib.rs:444
                             https://www.google.com/search?q=current+           
                             population+of+Paris+France+2024+2025&fil           
                             ter=1&start=0&hl=en-US&lr=lang_en&cr=cou           
                             ntryUS 200                                         
                    INFO     Processing request of type            server.py:727
                             ListToolsRequest                                   
[06/03/26 20:31:13] INFO     Processing request of type            server.py:727
                             CallToolRequest                                    
[INIT].... → Crawl4AI 0.8.7 
[FETCH]... ↓ https://en.wikipedia.org/wiki/Paris                                                                  | ✓ | ⏱: 1.04s 
[SCRAPE].. ◆ https://en.wikipedia.org/wiki/Paris                                                                  | ✓ | ⏱: 0.81s 
[COMPLETE] ● https://en.wikipedia.org/wiki/Paris                                                                  | ✓ | ⏱: 1.88s 
[06/03/26 20:31:21] INFO     Processing request of type            server.py:727
                             CallToolRequest                                    
[INIT].... → Crawl4AI 0.8.7 
[run.sh] gateway ready at 20:31:34

══════════════════════════════════════════════════════════════════════════════
session s8-a8a715f3  ─  query: Find the populations of London, Paris, Berlin and tell me which two are closest in size.
══════════════════════════════════════════════════════════════════════════════
[memory] embedding failed (HTTPStatusError("Server error '503 Service Unavailable' for url 'http://localhost:8108/v1/embed'\nFor more information check: https://developer.mozilla.org/en-US/docs/Web/HTTP/Status/503")); item written without vector
[memory.read] 1 hit(s) visible to every skill this run
[06/03/26 20:31:44] INFO     Processing request of type            server.py:727
                             CallToolRequest                                    
                    INFO     response:                                lib.rs:444
                             https://en.wikipedia.org/w/api.php?actio           
                             n=opensearch&profile=fuzzy&limit=1&searc           
                             h=current%20population%20of%20Berlin%202           
                             024%202025 200                                     
[06/03/26 20:31:45] INFO     response:                                lib.rs:444
                             https://grokipedia.com/api/typeahead?que           
                             ry=current+population+of+Berlin+2024+202           
                             5&limit=1 200                                      
                    INFO     response:                                lib.rs:444
                             https://search.yahoo.com/search;_ylt=Wnw           
                             Bz2EhdiZ-b_kgmSlBGZLK;_ylu=40X1wnFsHMI38           
                             _pm9msXn4BXT94u_tl3bZXB84aCwplQ6ds?p=cur           
                             rent+population+of+Berlin+2024+2025 200            
[06/03/26 20:31:46] INFO     Processing request of type            server.py:727
                             ListToolsRequest                                   
[06/03/26 20:31:48] INFO     Processing request of type            server.py:727
                             CallToolRequest                                    
[INIT].... → Crawl4AI 0.8.7 
[FETCH]... ↓ https://www.businesslocationcenter.de/en/business-location/berlin-at-a-glance/demographic-data/      | ✓ | ⏱: 2.39s 
[SCRAPE].. ◆ https://www.businesslocationcenter.de/en/business-location/berlin-at-a-glance/demographic-data/      | ✓ | ⏱: 0.05s 
[COMPLETE] ● https://www.businesslocationcenter.de/en/business-location/berlin-at-a-glance/demographic-data/      | ✓ | ⏱: 2.46s 
[06/03/26 20:31:52] INFO     Processing request of type            server.py:727
                             CallToolRequest                                    
                    INFO     response:                                lib.rs:444
                             https://en.wikipedia.org/w/api.php?actio           
                             n=opensearch&profile=fuzzy&limit=1&searc           
                             h=current%20population%20of%20Paris%20Fr           
                             ance%202024%202025 200                             
                    INFO     response:                                lib.rs:444
                             https://grokipedia.com/api/typeahead?que           
                             ry=current+population+of+Paris+France+20           
                             24+2025&limit=1 200                                
[06/03/26 20:31:54] INFO     response:                                lib.rs:444
                             https://www.mojeek.com/search?q=current+           
                             population+of+Paris+France+2024+2025 200           
                    INFO     Processing request of type            server.py:727
                             ListToolsRequest                                   
[06/03/26 20:31:56] INFO     Processing request of type            server.py:727
                             CallToolRequest                                    
                    INFO     response:                                lib.rs:444
                             https://en.wikipedia.org/w/api.php?actio           
                             n=opensearch&profile=fuzzy&limit=1&searc           
                             h=current%20population%20of%20London%202           
                             024%202025 200                                     
                    INFO     response:                                lib.rs:444
                             https://grokipedia.com/api/typeahead?que           
                             ry=current+population+of+London+2024+202           
                             5&limit=1 200                                      
[06/03/26 20:31:57] INFO     response:                                lib.rs:444
                             https://search.yahoo.com/search;_ylt=eTl           
                             ktjlzltTCT6dXsEyscwts;_ylu=f0TzykBuRl1VH           
                             ImuYpYiNlVnKHUyOPbv5d3-ElX_NBe0zYM?p=cur           
                             rent+population+of+London+2024+2025 200            
[06/03/26 20:31:59] INFO     HTTP Request: POST                  _client.py:1025
                             https://html.duckduckgo.com/html/                  
                             "HTTP/2 200 OK"                                    
                    INFO     Processing request of type            server.py:727
                             ListToolsRequest                                   
[06/03/26 20:32:00] INFO     Processing request of type            server.py:727
                             CallToolRequest                                    
[INIT].... → Crawl4AI 0.8.7 
[FETCH]... ↓ https://www.statista.com/statistics/1046125/population-of-paris-france/                              | ✓ | ⏱: 2.09s 
[SCRAPE].. ◆ https://www.statista.com/statistics/1046125/population-of-paris-france/                              | ✓ | ⏱: 0.10s 
[COMPLETE] ● https://www.statista.com/statistics/1046125/population-of-paris-france/                              | ✓ | ⏱: 2.21s 
[06/03/26 20:32:04] INFO     Processing request of type            server.py:727
                             CallToolRequest                                    
[INIT].... → Crawl4AI 0.8.7 
[FETCH]... ↓ https://www.macrotrends.net/global-metrics/cities/22860/london/population                            | ✓ | ⏱: 0.48s 
[SCRAPE].. ◆ https://www.macrotrends.net/global-metrics/cities/22860/london/population                            | ✓ | ⏱: 0.01s 
[COMPLETE] ● https://www.macrotrends.net/global-metrics/cities/22860/london/population                            | ✓ | ⏱: 0.50s 
[06/03/26 20:32:08] INFO     Processing request of type            server.py:727
                             CallToolRequest                                    
                    INFO     response:                                lib.rs:444
                             https://en.wikipedia.org/w/api.php?actio           
                             n=opensearch&profile=fuzzy&limit=1&searc           
                             h=current%20population%20of%20Paris%20ci           
                             ty%20limits%20INSEE 200                            
                    INFO     response:                                lib.rs:444
                             https://grokipedia.com/api/typeahead?que           
                             ry=current+population+of+Paris+city+limi           
                             ts+INSEE&limit=1 200                               
[06/03/26 20:32:09] INFO     response:                                lib.rs:444
                             https://search.yahoo.com/search;_ylt=HIW           
                             TyFj5fHYGaQqHvcsu-UV1;_ylu=AQP2dZN4uGlIG           
                             hcXeCEVJ_3byMWkN1LjJD2weuupvAHZscM?p=cur           
                             rent+population+of+Paris+city+limits+INS           
                             EE 200                                             
[06/03/26 20:32:12] INFO     Processing request of type            server.py:727
                             CallToolRequest                                    
[INIT].... → Crawl4AI 0.8.7 
[FETCH]... ↓ https://worldpopulationreview.com/cities/germany/berlin                                              | ✓ | ⏱: 0.81s 
[SCRAPE].. ◆ https://worldpopulationreview.com/cities/germany/berlin                                              | ✓ | ⏱: 0.03s 
[COMPLETE] ● https://worldpopulationreview.com/cities/germany/berlin                                              | ✓ | ⏱: 0.86s 
[run.sh] gateway ready at 20:32:36

══════════════════════════════════════════════════════════════════════════════
session s8-a8a715f3  ─  query: Find the populations of London, Paris, Berlin and tell me which two are closest in size.
══════════════════════════════════════════════════════════════════════════════
[memory.read] 2 hit(s) visible to every skill this run
[06/03/26 20:32:42] INFO     Processing request of type            server.py:727
                             CallToolRequest                                    
                    INFO     response:                                lib.rs:444
                             https://en.wikipedia.org/w/api.php?actio           
                             n=opensearch&profile=fuzzy&limit=1&searc           
                             h=current%20population%20of%20Berlin%202           
                             024%202025 200                                     
[06/03/26 20:32:43] INFO     response:                                lib.rs:444
                             https://grokipedia.com/api/typeahead?que           
                             ry=current+population+of+Berlin+2024+202           
                             5&limit=1 200                                      
                    INFO     response:                                lib.rs:444
                             https://search.yahoo.com/search;_ylt=hQ0           
                             zIt12HKzs02U15TirUCZW;_ylu=q4PZEM2L4pJev           
                             h-HGXjSK11Gq06N6HsBRRB7OFau93Q4biU?p=cur           
                             rent+population+of+Berlin+2024+2025 200            
[06/03/26 20:32:45] INFO     response:                                lib.rs:444
                             https://yandex.com/search/site/?text=cur           
                             rent+population+of+Berlin+2024+2025&web=           
                             1&searchid=5103785 200                             
                    INFO     Processing request of type            server.py:727
                             ListToolsRequest                                   
[06/03/26 20:32:46] INFO     Processing request of type            server.py:727
                             CallToolRequest                                    
                    INFO     response:                                lib.rs:444
                             https://en.wikipedia.org/w/api.php?actio           
                             n=opensearch&profile=fuzzy&limit=1&searc           
                             h=current%20population%20of%20Paris%20Fr           
                             ance%202024%202025 200                             
                    INFO     response:                                lib.rs:444
                             https://grokipedia.com/api/typeahead?que           
                             ry=current+population+of+Paris+France+20           
                             24+2025&limit=1 200                                
[06/03/26 20:32:47] INFO     response: https://www.startpage.com/ 200 lib.rs:444
[06/03/26 20:32:49] INFO     response:                                lib.rs:444
                             https://www.startpage.com/sp/search 200            
                    INFO     Processing request of type            server.py:727
                             ListToolsRequest                                   
[06/03/26 20:32:50] INFO     Processing request of type            server.py:727
                             CallToolRequest                                    
                    INFO     response:                                lib.rs:444
                             https://en.wikipedia.org/w/api.php?actio           
                             n=opensearch&profile=fuzzy&limit=1&searc           
                             h=current%20population%20of%20London%202           
                             024%202025 200                                     
[06/03/26 20:32:51] INFO     response:                                lib.rs:444
                             https://grokipedia.com/api/typeahead?que           
                             ry=current+population+of+London+2024+202           
                             5&limit=1 200                                      
[06/03/26 20:32:52] INFO     response:                                lib.rs:444
                             https://yandex.com/search/site/?text=cur           
                             rent+population+of+London+2024+2025&web=           
                             1&searchid=4729831 200                             
                    INFO     Processing request of type            server.py:727
                             ListToolsRequest                                   
[06/03/26 20:32:54] INFO     Processing request of type            server.py:727
                             CallToolRequest                                    
[INIT].... → Crawl4AI 0.8.7 
[FETCH]... ↓ https://www.businesslocationcenter.de/en/business-location/berlin-at-a-glance/demographic-data       | ✓ | ⏱: 2.09s 
[SCRAPE].. ◆ https://www.businesslocationcenter.de/en/business-location/berlin-at-a-glance/demographic-data       | ✓ | ⏱: 0.04s 
[COMPLETE] ● https://www.businesslocationcenter.de/en/business-location/berlin-at-a-glance/demographic-data       | ✓ | ⏱: 2.15s 
[06/03/26 20:32:58] INFO     Processing request of type            server.py:727
                             CallToolRequest                                    
[INIT].... → Crawl4AI 0.8.7 
[FETCH]... ↓ https://www.macrotrends.net/global-metrics/cities/20985/paris/population                             | ✓ | ⏱: 0.71s 
[SCRAPE].. ◆ https://www.macrotrends.net/global-metrics/cities/20985/paris/population                             | ✓ | ⏱: 0.01s 
[COMPLETE] ● https://www.macrotrends.net/global-metrics/cities/20985/paris/population                             | ✓ | ⏱: 0.73s 
[06/03/26 20:33:10] INFO     Processing request of type            server.py:727
                             CallToolRequest                                    
[INIT].... → Crawl4AI 0.8.7 
[FETCH]... ↓ https://en.wikipedia.org/wiki/London                                                                 | ✓ | ⏱: 1.10s 
[SCRAPE].. ◆ https://en.wikipedia.org/wiki/London                                                                 | ✓ | ⏱: 0.79s 
[COMPLETE] ● https://en.wikipedia.org/wiki/London                                                                 | ✓ | ⏱: 1.92s 
[n:2] researcher         complete (36.8s)
[n:3] researcher         complete (28.6s)
[n:4] researcher         complete (24.2s)
[run.sh] gateway ready at 20:33:30

══════════════════════════════════════════════════════════════════════════════
session s8-a8a715f3  ─  query: Find the populations of London, Paris, Berlin and tell me which two are closest in size.
══════════════════════════════════════════════════════════════════════════════
[memory.read] 3 hit(s) visible to every skill this run
[memory] embedding failed (HTTPStatusError("Server error '503 Service Unavailable' for url 'http://localhost:8108/v1/embed'\nFor more information check: https://developer.mozilla.org/en-US/docs/Web/HTTP/Status/503")); item written without vector
[n:5] coder              complete (4.7s)
[n:6] formatter          complete (5.4s)
[n:7] sandbox_executor   complete (0.0s)

══════════════════════════════════════════════════════════════════════════════
FINAL: Based on current population estimates for the city proper/administrative areas, the populations are approximately 9 million for London, 3.9 million for Berlin, and 2.1 million for Paris. Comparing these figures, the two cities closest in size are Paris and Berlin, with a population difference of approximately 1.8 million.
══════════════════════════════════════════════════════════════════════════════

