[run.sh] gateway ready at 20:34:07

══════════════════════════════════════════════════════════════════════════════
session s8-70ae43b9  ─  query: For Lagos, Cairo, and Kinshasa, find current populations and growth rates and tell me which is growing fastest.
══════════════════════════════════════════════════════════════════════════════
[memory.read] 1 hit(s) visible to every skill this run
[memory] embedding failed (HTTPStatusError("Server error '503 Service Unavailable' for url 'http://localhost:8108/v1/embed'\nFor more information check: https://developer.mozilla.org/en-US/docs/Web/HTTP/Status/503")); item written without vector
[n:1] planner            complete (4.5s)
[06/03/26 20:34:17] INFO     Processing request of type            server.py:727
                             CallToolRequest                                    
[06/03/26 20:34:18] INFO     response:                                lib.rs:444
                             https://en.wikipedia.org/w/api.php?actio           
                             n=opensearch&profile=fuzzy&limit=1&searc           
                             h=current%20population%20and%20annual%20           
                             growth%20rate%20of%20Kinshasa 200                  
                    INFO     response:                                lib.rs:444
                             https://grokipedia.com/api/typeahead?que           
                             ry=current+population+and+annual+growth+           
                             rate+of+Kinshasa&limit=1 200                       
                    INFO     response:                                lib.rs:444
                             https://search.yahoo.com/search;_ylt=KaB           
                             Fee4uLbyeAMAyDoiDdW2r;_ylu=5Nll3wmSAO_WF           
                             aWnpxTd_biLW2Abu8vjLdPt7C6qW0F-Bgo?p=cur           
                             rent+population+and+annual+growth+rate+o           
                             f+Kinshasa 200                                     
[06/03/26 20:34:20] INFO     response:                                lib.rs:444
                             https://search.brave.com/search?q=curren           
                             t+population+and+annual+growth+rate+of+K           
                             inshasa&source=web 200                             
                    INFO     Processing request of type            server.py:727
                             ListToolsRequest                                   
[06/03/26 20:34:21] INFO     Processing request of type            server.py:727
                             CallToolRequest                                    
[INIT].... → Crawl4AI 0.8.7 
[FETCH]... ↓ https://worldpopulationreview.com/cities/dr-congo/kinshasa                                           | ✓ | ⏱: 0.80s 
[SCRAPE].. ◆ https://worldpopulationreview.com/cities/dr-congo/kinshasa                                           | ✓ | ⏱: 0.03s 
[COMPLETE] ● https://worldpopulationreview.com/cities/dr-congo/kinshasa                                           | ✓ | ⏱: 0.84s 
[06/03/26 20:34:25] INFO     Processing request of type            server.py:727
                             CallToolRequest                                    
                    INFO     response:                                lib.rs:444
                             https://en.wikipedia.org/w/api.php?actio           
                             n=opensearch&profile=fuzzy&limit=1&searc           
                             h=current%20population%20and%20annual%20           
                             growth%20rate%20of%20Cairo%202024%202025           
                              200                                               
[06/03/26 20:34:26] INFO     response:                                lib.rs:444
                             https://grokipedia.com/api/typeahead?que           
                             ry=current+population+and+annual+growth+           
                             rate+of+Cairo+2024+2025&limit=1 200                
[06/03/26 20:34:27] INFO     response:                                lib.rs:444
                             https://www.mojeek.com/search?q=current+           
                             population+and+annual+growth+rate+of+Cai           
                             ro+2024+2025 403                                   
[06/03/26 20:34:28] INFO     response:                                lib.rs:444
                             https://search.brave.com/search?q=curren           
                             t+population+and+annual+growth+rate+of+C           
                             airo+2024+2025&source=web 200                      
                    INFO     Processing request of type            server.py:727
                             ListToolsRequest                                   
[06/03/26 20:34:33] INFO     Processing request of type            server.py:727
                             CallToolRequest                                    
[INIT].... → Crawl4AI 0.8.7 
[FETCH]... ↓ https://www.macrotrends.net/global-metrics/cities/22812/cairo/population                             | ✓ | ⏱: 0.71s 
[SCRAPE].. ◆ https://www.macrotrends.net/global-metrics/cities/22812/cairo/population                             | ✓ | ⏱: 0.01s 
[COMPLETE] ● https://www.macrotrends.net/global-metrics/cities/22812/cairo/population                             | ✓ | ⏱: 0.73s 
[06/03/26 20:34:41] INFO     Processing request of type            server.py:727
                             CallToolRequest                                    
[06/03/26 20:34:42] INFO     response:                                lib.rs:444
                             https://en.wikipedia.org/w/api.php?actio           
                             n=opensearch&profile=fuzzy&limit=1&searc           
                             h=current%20population%20and%20annual%20           
                             growth%20rate%20of%20Lagos%202024%202025           
                              200                                               
                    INFO     response:                                lib.rs:444
                             https://grokipedia.com/api/typeahead?que           
                             ry=current+population+and+annual+growth+           
                             rate+of+Lagos+2024+2025&limit=1 200                
                    INFO     response:                                lib.rs:444
                             https://www.mojeek.com/search?q=current+           
                             population+and+annual+growth+rate+of+Lag           
                             os+2024+2025 403                                   
[06/03/26 20:34:43] INFO     HTTP Request: POST                  _client.py:1025
                             https://html.duckduckgo.com/html/                  
                             "HTTP/2 202 Accepted"                              
[06/03/26 20:34:44] INFO     response:                                lib.rs:444
                             https://search.brave.com/search?q=curren           
                             t+population+and+annual+growth+rate+of+L           
                             agos+2024+2025&source=web 200                      
                    INFO     Processing request of type            server.py:727
                             ListToolsRequest                                   
[run.sh] gateway ready at 20:34:54

══════════════════════════════════════════════════════════════════════════════
session s8-70ae43b9  ─  query: For Lagos, Cairo, and Kinshasa, find current populations and growth rates and tell me which is growing fastest.
══════════════════════════════════════════════════════════════════════════════
[memory.read] 2 hit(s) visible to every skill this run
[memory] embedding failed (HTTPStatusError("Server error '503 Service Unavailable' for url 'http://localhost:8108/v1/embed'\nFor more information check: https://developer.mozilla.org/en-US/docs/Web/HTTP/Status/503")); item written without vector
[06/03/26 20:35:00] INFO     Processing request of type            server.py:727
                             CallToolRequest                                    
                    INFO     response:                                lib.rs:444
                             https://en.wikipedia.org/w/api.php?actio           
                             n=opensearch&profile=fuzzy&limit=1&searc           
                             h=current%20population%20and%20annual%20           
                             growth%20rate%20of%20Cairo%202024%202025           
                              200                                               
                    INFO     response:                                lib.rs:444
                             https://grokipedia.com/api/typeahead?que           
                             ry=current+population+and+annual+growth+           
                             rate+of+Cairo+2024+2025&limit=1 200                
[06/03/26 20:35:01] INFO     response:                                lib.rs:444
                             https://search.yahoo.com/search;_ylt=0Jf           
                             Jz3VGOrmqbslwqC9DZ2jF;_ylu=IeQ2rGnXxrzcj           
                             ssH6hOX4ScIxSAVsSKPMDZsAIioONCp1V8?p=cur           
                             rent+population+and+annual+growth+rate+o           
                             f+Cairo+2024+2025 200                              
[06/03/26 20:35:02] INFO     response:                                lib.rs:444
                             https://search.brave.com/search?q=curren           
                             t+population+and+annual+growth+rate+of+C           
                             airo+2024+2025&source=web 200                      
                    INFO     Processing request of type            server.py:727
                             ListToolsRequest                                   
[06/03/26 20:35:04] INFO     Processing request of type            server.py:727
                             CallToolRequest                                    
                    INFO     response:                                lib.rs:444
                             https://en.wikipedia.org/w/api.php?actio           
                             n=opensearch&profile=fuzzy&limit=1&searc           
                             h=current%20population%20and%20annual%20           
                             growth%20rate%20of%20Kinshasa%202024%202           
                             025 200                                            
[06/03/26 20:35:05] INFO     response:                                lib.rs:444
                             https://grokipedia.com/api/typeahead?que           
                             ry=current+population+and+annual+growth+           
                             rate+of+Kinshasa+2024+2025&limit=1 200             
[06/03/26 20:35:06] INFO     response:                                lib.rs:444
                             https://search.brave.com/search?q=curren           
                             t+population+and+annual+growth+rate+of+K           
                             inshasa+2024+2025&source=web 200                   
                    INFO     Processing request of type            server.py:727
                             ListToolsRequest                                   
[06/03/26 20:35:08] INFO     Processing request of type            server.py:727
                             CallToolRequest                                    
                    INFO     response:                                lib.rs:444
                             https://en.wikipedia.org/w/api.php?actio           
                             n=opensearch&profile=fuzzy&limit=1&searc           
                             h=current%20population%20and%20annual%20           
                             growth%20rate%20of%20Lagos%202024%202025           
                              200                                               
                    INFO     response:                                lib.rs:444
                             https://grokipedia.com/api/typeahead?que           
                             ry=current+population+and+annual+growth+           
                             rate+of+Lagos+2024+2025&limit=1 200                
[06/03/26 20:35:09] INFO     response:                                lib.rs:444
                             https://search.brave.com/search?q=curren           
                             t+population+and+annual+growth+rate+of+L           
                             agos+2024+2025&source=web 200                      
                    INFO     Processing request of type            server.py:727
                             ListToolsRequest                                   
[06/03/26 20:35:12] INFO     Processing request of type            server.py:727
                             CallToolRequest                                    
[INIT].... → Crawl4AI 0.8.7 
[FETCH]... ↓ https://www.macrotrends.net/global-metrics/cities/20853/kinshasa/population                          | ✓ | ⏱: 0.74s 
[SCRAPE].. ◆ https://www.macrotrends.net/global-metrics/cities/20853/kinshasa/population                          | ✓ | ⏱: 0.01s 
[COMPLETE] ● https://www.macrotrends.net/global-metrics/cities/20853/kinshasa/population                          | ✓ | ⏱: 0.75s 
[06/03/26 20:35:16] INFO     Processing request of type            server.py:727
                             CallToolRequest                                    
[INIT].... → Crawl4AI 0.8.7 
[FETCH]... ↓ https://www.macrotrends.net/global-metrics/cities/22812/cairo/population                             | ✓ | ⏱: 0.44s 
[SCRAPE].. ◆ https://www.macrotrends.net/global-metrics/cities/22812/cairo/population                             | ✓ | ⏱: 0.01s 
[COMPLETE] ● https://www.macrotrends.net/global-metrics/cities/22812/cairo/population                             | ✓ | ⏱: 0.46s 
[06/03/26 20:35:20] INFO     Processing request of type            server.py:727
                             CallToolRequest                                    
[INIT].... → Crawl4AI 0.8.7 
[FETCH]... ↓ https://worldpopulationreview.com/cities/dr-congo/kinshasa                                           | ✓ | ⏱: 0.73s 
[SCRAPE].. ◆ https://worldpopulationreview.com/cities/dr-congo/kinshasa                                           | ✓ | ⏱: 0.03s 
[COMPLETE] ● https://worldpopulationreview.com/cities/dr-congo/kinshasa                                           | ✓ | ⏱: 0.77s 
[06/03/26 20:35:30] INFO     Processing request of type            server.py:727
                             CallToolRequest                                    
[INIT].... → Crawl4AI 0.8.7 
[FETCH]... ↓ https://en.wikipedia.org/wiki/Lagos                                                                  | ✓ | ⏱: 1.71s 
[SCRAPE].. ◆ https://en.wikipedia.org/wiki/Lagos                                                                  | ✓ | ⏱: 0.59s 
[COMPLETE] ● https://en.wikipedia.org/wiki/Lagos                                                                  | ✓ | ⏱: 2.36s 
[run.sh] gateway ready at 20:35:49

══════════════════════════════════════════════════════════════════════════════
session s8-70ae43b9  ─  query: For Lagos, Cairo, and Kinshasa, find current populations and growth rates and tell me which is growing fastest.
══════════════════════════════════════════════════════════════════════════════
[memory.read] 3 hit(s) visible to every skill this run
[memory] embedding failed (HTTPStatusError("Server error '503 Service Unavailable' for url 'http://localhost:8108/v1/embed'\nFor more information check: https://developer.mozilla.org/en-US/docs/Web/HTTP/Status/503")); item written without vector
[06/03/26 20:35:56] INFO     Processing request of type            server.py:727
                             CallToolRequest                                    
                    INFO     response:                                lib.rs:444
                             https://en.wikipedia.org/w/api.php?actio           
                             n=opensearch&profile=fuzzy&limit=1&searc           
                             h=current%20population%20and%20annual%20           
                             growth%20rate%20of%20Lagos%20Nigeria%202           
                             024%202025 200                                     
[06/03/26 20:35:57] INFO     response:                                lib.rs:444
                             https://grokipedia.com/api/typeahead?que           
                             ry=current+population+and+annual+growth+           
                             rate+of+Lagos+Nigeria+2024+2025&limit=1            
                             200                                                
                    INFO     HTTP Request: POST                  _client.py:1025
                             https://html.duckduckgo.com/html/                  
                             "HTTP/2 202 Accepted"                              
[06/03/26 20:35:59] INFO     response:                                lib.rs:444
                             https://www.google.com/search?q=current+           
                             population+and+annual+growth+rate+of+Lag           
                             os+Nigeria+2024+2025&filter=1&start=0&hl           
                             =en-US&lr=lang_en&cr=countryUS 200                 
                    INFO     Processing request of type            server.py:727
                             ListToolsRequest                                   
[06/03/26 20:35:59] INFO     Processing request of type            server.py:727
                             CallToolRequest                                    
[06/03/26 20:36:00] INFO     response:                                lib.rs:444
                             https://en.wikipedia.org/w/api.php?actio           
                             n=opensearch&profile=fuzzy&limit=1&searc           
                             h=current%20population%20and%20annual%20           
                             growth%20rate%20of%20Kinshasa%202024%202           
                             025 200                                            
                    INFO     response:                                lib.rs:444
                             https://grokipedia.com/api/typeahead?que           
                             ry=current+population+and+annual+growth+           
                             rate+of+Kinshasa+2024+2025&limit=1 200             
                    INFO     response:                                lib.rs:444
                             https://www.google.com/search?q=current+           
                             population+and+annual+growth+rate+of+Kin           
                             shasa+2024+2025&filter=1&start=0&hl=en-U           
                             S&lr=lang_en&cr=countryUS 200                      
[06/03/26 20:36:01] INFO     response: https://www.startpage.com/ 200 lib.rs:444
[06/03/26 20:36:02] INFO     response:                                lib.rs:444
                             https://www.startpage.com/sp/search 200            
[06/03/26 20:36:03] INFO     Processing request of type            server.py:727
                             ListToolsRequest                                   
[06/03/26 20:36:04] INFO     Processing request of type            server.py:727
                             CallToolRequest                                    
[INIT].... → Crawl4AI 0.8.7 
[FETCH]... ↓ https://www.macrotrends.net/global-metrics/cities/20853/kinshasa/population                          | ✓ | ⏱: 0.47s 
[SCRAPE].. ◆ https://www.macrotrends.net/global-metrics/cities/20853/kinshasa/population                          | ✓ | ⏱: 0.01s 
[COMPLETE] ● https://www.macrotrends.net/global-metrics/cities/20853/kinshasa/population                          | ✓ | ⏱: 0.49s 
[06/03/26 20:36:08] INFO     Processing request of type            server.py:727
                             CallToolRequest                                    
[INIT].... → Crawl4AI 0.8.7 
[FETCH]... ↓ https://www.macrotrends.net/global-metrics/cities/22007/lagos/population                             | ✓ | ⏱: 0.71s 
[SCRAPE].. ◆ https://www.macrotrends.net/global-metrics/cities/22007/lagos/population                             | ✓ | ⏱: 0.01s 
[COMPLETE] ● https://www.macrotrends.net/global-metrics/cities/22007/lagos/population                             | ✓ | ⏱: 0.74s 
[06/03/26 20:36:11] INFO     Processing request of type            server.py:727
                             CallToolRequest                                    
[06/03/26 20:36:12] INFO     response:                                lib.rs:444
                             https://en.wikipedia.org/w/api.php?actio           
                             n=opensearch&profile=fuzzy&limit=1&searc           
                             h=current%20population%20and%20annual%20           
                             growth%20rate%20of%20Cairo%202024%202025           
                              200                                               
                    INFO     response:                                lib.rs:444
                             https://grokipedia.com/api/typeahead?que           
                             ry=current+population+and+annual+growth+           
                             rate+of+Cairo+2024+2025&limit=1 200                
                    INFO     response:                                lib.rs:444
                             https://www.google.com/search?q=current+           
                             population+and+annual+growth+rate+of+Cai           
                             ro+2024+2025&filter=1&start=0&hl=en-US&l           
                             r=lang_en&cr=countryUS 200                         
[06/03/26 20:36:13] INFO     response:                                lib.rs:444
                             https://www.mojeek.com/search?q=current+           
                             population+and+annual+growth+rate+of+Cai           
                             ro+2024+2025 403                                   
[06/03/26 20:36:14] INFO     response:                                lib.rs:444
                             https://search.yahoo.com/search;_ylt=LMM           
                             wl7SFOkAs_S80qjXMVPug;_ylu=063LiVJzAYPza           
                             ieTD7goe5OGpANXgzdTJDYG06A95jNsDmI?p=cur           
                             rent+population+and+annual+growth+rate+o           
                             f+Cairo+2024+2025 200                              
                    INFO     Processing request of type            server.py:727
                             ListToolsRequest                                   
[n:2] researcher         complete (24.1s)
[n:3] researcher         complete (30.0s)
[n:4] researcher         complete (32.2s)
[n:5] coder              complete (3.5s)
[run.sh] gateway ready at 20:36:46

══════════════════════════════════════════════════════════════════════════════
session s8-70ae43b9  ─  query: For Lagos, Cairo, and Kinshasa, find current populations and growth rates and tell me which is growing fastest.
══════════════════════════════════════════════════════════════════════════════
[memory.read] 4 hit(s) visible to every skill this run
[memory] embedding failed (HTTPStatusError("Server error '503 Service Unavailable' for url 'http://localhost:8108/v1/embed'\nFor more information check: https://developer.mozilla.org/en-US/docs/Web/HTTP/Status/503")); item written without vector
[n:6] formatter          complete (5.1s)
[n:7] sandbox_executor   complete (0.0s)

══════════════════════════════════════════════════════════════════════════════
FINAL: As of 2026, here are the estimated metro area populations and annual growth rates for the three cities:

| City | Estimated Population | Annual Growth Rate |
| :--- | :--- | :--- |
| Lagos | 17.8 million | 3.78% |
| Cairo | 23.5 million | 2.00% |
| Kinshasa | 18.55 million | 4.36% |

Based on these figures, Kinshasa is the fastest-growing city among the three, with an annual growth rate of 4.36%.
══════════════════════════════════════════════════════════════════════════════

