[run.sh] gateway ready at 20:37:17

══════════════════════════════════════════════════════════════════════════════
session s8-103329bb  ─  query: Three services in our platform are degraded right now. Investigate each and tell me whether they share a single root cause or are separate incidents:
 - checkout-service: returning HTTP 503s; depends on PostgreSQL and Redis
 - search-service:   requests timing out; depends on Elasticsearch and PostgreSQL
 - auth-service:     intermittent HTTP 500s; depends on PostgreSQL and an LDAP server
══════════════════════════════════════════════════════════════════════════════
[memory.read] 1 hit(s) visible to every skill this run
[n:1] planner            complete (6.2s)
[06/03/26 20:37:27] INFO     Processing request of type            server.py:727
                             CallToolRequest                                    
                    INFO     response:                                lib.rs:444
                             https://en.wikipedia.org/w/api.php?actio           
                             n=opensearch&profile=fuzzy&limit=1&searc           
                             h=checkout-service%20503%20error%20postg           
                             resql%20redis%20incident%20reports 200             
                    INFO     response:                                lib.rs:444
                             https://grokipedia.com/api/typeahead?que           
                             ry=checkout-service+503+error+postgresql           
                             +redis+incident+reports&limit=1 200                
[06/03/26 20:37:28] INFO     HTTP Request: POST                  _client.py:1025
                             https://html.duckduckgo.com/html/                  
                             "HTTP/2 202 Accepted"                              
                    INFO     response:                                lib.rs:444
                             https://www.google.com/search?q=checkout           
                             -service+503+error+postgresql+redis+inci           
                             dent+reports&filter=1&start=0&hl=en-US&l           
                             r=lang_en&cr=countryUS 200                         
                    INFO     Processing request of type            server.py:727
                             ListToolsRequest                                   
[06/03/26 20:37:30] INFO     Processing request of type            server.py:727
                             CallToolRequest                                    
[06/03/26 20:37:31] INFO     response:                                lib.rs:444
                             https://en.wikipedia.org/w/api.php?actio           
                             n=opensearch&profile=fuzzy&limit=1&searc           
                             h=auth-service%20500%20error%20PostgreSQ           
                             L%20LDAP%20incident%20reports 200                  
                    INFO     response:                                lib.rs:444
                             https://grokipedia.com/api/typeahead?que           
                             ry=auth-service+500+error+PostgreSQL+LDA           
                             P+incident+reports&limit=1 200                     
[06/03/26 20:37:33] INFO     response:                                lib.rs:444
                             https://www.mojeek.com/search?q=auth-ser           
                             vice+500+error+PostgreSQL+LDAP+incident+           
                             reports 200                                        
                    INFO     Processing request of type            server.py:727
                             ListToolsRequest                                   
[06/03/26 20:37:35] INFO     Processing request of type            server.py:727
                             CallToolRequest                                    
                    INFO     response:                                lib.rs:444
                             https://en.wikipedia.org/w/api.php?actio           
                             n=opensearch&profile=fuzzy&limit=1&searc           
                             h=search-service%20timeouts%20Elasticsea           
                             rch%20PostgreSQL%20incident%20reports              
                             200                                                
[06/03/26 20:37:37] INFO     response:                                lib.rs:444
                             https://grokipedia.com/api/typeahead?que           
                             ry=search-service+timeouts+Elasticsearch           
                             +PostgreSQL+incident+reports&limit=1 200           
                    INFO     response:                                lib.rs:444
                             https://search.yahoo.com/search;_ylt=JT_           
                             WnSrhsAnWjoI9rIXhgw4h;_ylu=XdLyINjNHHHSs           
                             AZU_8uw-H5msMiAG-LNzASOyZAenFAWZm8?p=sea           
                             rch-service+timeouts+Elasticsearch+Postg           
                             reSQL+incident+reports 200                         
[06/03/26 20:37:39] INFO     response: https://www.startpage.com/ 200 lib.rs:444
[06/03/26 20:37:40] INFO     response:                                lib.rs:444
                             https://www.startpage.com/sp/search 200            
[06/03/26 20:37:41] INFO     Processing request of type            server.py:727
                             ListToolsRequest                                   
[06/03/26 20:37:47] INFO     Processing request of type            server.py:727
                             CallToolRequest                                    
[INIT].... → Crawl4AI 0.8.7 
[FETCH]... ↓ https://www.tigerdata.com/blog/10-elasticsearch-production-issues-how-postgres-avoids-them           | ✓ | ⏱: 2.53s 
[SCRAPE].. ◆ https://www.tigerdata.com/blog/10-elasticsearch-production-issues-how-postgres-avoids-them           | ✓ | ⏱: 0.05s 
[COMPLETE] ● https://www.tigerdata.com/blog/10-elasticsearch-production-issues-how-postgres-avoids-them           | ✓ | ⏱: 2.61s 
[n:2] researcher         complete (21.5s)
[n:3] researcher         complete (28.7s)
[n:4] researcher         complete (14.1s)
[run.sh] gateway ready at 20:38:06

══════════════════════════════════════════════════════════════════════════════
session s8-103329bb  ─  query: Three services in our platform are degraded right now. Investigate each and tell me whether they share a single root cause or are separate incidents:
 - checkout-service: returning HTTP 503s; depends on PostgreSQL and Redis
 - search-service:   requests timing out; depends on Elasticsearch and PostgreSQL
 - auth-service:     intermittent HTTP 500s; depends on PostgreSQL and an LDAP server
══════════════════════════════════════════════════════════════════════════════
[memory.read] 2 hit(s) visible to every skill this run
[n:5] coder              complete (4.9s)
[n:6] formatter          complete (3.5s)
[n:7] sandbox_executor   complete (0.0s)

══════════════════════════════════════════════════════════════════════════════
FINAL: Based on the analysis of the degraded services, the incidents share a single root cause. While each service relies on different secondary dependencies (Redis, Elasticsearch, or LDAP), all three services—checkout-service, search-service, and auth-service—are experiencing 'connection_pool_exhausted' errors. This indicates a shared database connection bottleneck across the platform, likely stemming from the common dependency on PostgreSQL.
══════════════════════════════════════════════════════════════════════════════

